Archive member included to satisfy reference by file (symbol)

e:/embedded/arm/imt_arm_course/02- tools/03- imt sdk/imt_sdk_win_32/winarm/armgcc/bin/../lib/gcc/arm-none-eabi/7.2.1/../../../../arm-none-eabi/lib/thumb/v7-m\libg_nano.a(lib_a-errno.o)
                              ./system/src/newlib/_sbrk.o (__errno)
e:/embedded/arm/imt_arm_course/02- tools/03- imt sdk/imt_sdk_win_32/winarm/armgcc/bin/../lib/gcc/arm-none-eabi/7.2.1/../../../../arm-none-eabi/lib/thumb/v7-m\libg_nano.a(lib_a-impure.o)
                              e:/embedded/arm/imt_arm_course/02- tools/03- imt sdk/imt_sdk_win_32/winarm/armgcc/bin/../lib/gcc/arm-none-eabi/7.2.1/../../../../arm-none-eabi/lib/thumb/v7-m\libg_nano.a(lib_a-errno.o) (_impure_ptr)
e:/embedded/arm/imt_arm_course/02- tools/03- imt sdk/imt_sdk_win_32/winarm/armgcc/bin/../lib/gcc/arm-none-eabi/7.2.1/../../../../arm-none-eabi/lib/thumb/v7-m\libg_nano.a(lib_a-strlen.o)
                              ./system/src/diag/Trace.o (strlen)
e:/embedded/arm/imt_arm_course/02- tools/03- imt sdk/imt_sdk_win_32/winarm/armgcc/bin/../lib/gcc/arm-none-eabi/7.2.1/../../../../arm-none-eabi/lib/thumb/v7-m\libg_nano.a(lib_a-vsnprintf.o)
                              ./system/src/diag/Trace.o (vsnprintf)
e:/embedded/arm/imt_arm_course/02- tools/03- imt sdk/imt_sdk_win_32/winarm/armgcc/bin/../lib/gcc/arm-none-eabi/7.2.1/../../../../arm-none-eabi/lib/thumb/v7-m\libg_nano.a(lib_a-nano-svfprintf.o)
                              e:/embedded/arm/imt_arm_course/02- tools/03- imt sdk/imt_sdk_win_32/winarm/armgcc/bin/../lib/gcc/arm-none-eabi/7.2.1/../../../../arm-none-eabi/lib/thumb/v7-m\libg_nano.a(lib_a-vsnprintf.o) (_svfprintf_r)
e:/embedded/arm/imt_arm_course/02- tools/03- imt sdk/imt_sdk_win_32/winarm/armgcc/bin/../lib/gcc/arm-none-eabi/7.2.1/../../../../arm-none-eabi/lib/thumb/v7-m\libg_nano.a(lib_a-nano-vfprintf_i.o)
                              e:/embedded/arm/imt_arm_course/02- tools/03- imt sdk/imt_sdk_win_32/winarm/armgcc/bin/../lib/gcc/arm-none-eabi/7.2.1/../../../../arm-none-eabi/lib/thumb/v7-m\libg_nano.a(lib_a-nano-svfprintf.o) (_printf_i)
e:/embedded/arm/imt_arm_course/02- tools/03- imt sdk/imt_sdk_win_32/winarm/armgcc/bin/../lib/gcc/arm-none-eabi/7.2.1/../../../../arm-none-eabi/lib/thumb/v7-m\libg_nano.a(lib_a-memchr-stub.o)
                              e:/embedded/arm/imt_arm_course/02- tools/03- imt sdk/imt_sdk_win_32/winarm/armgcc/bin/../lib/gcc/arm-none-eabi/7.2.1/../../../../arm-none-eabi/lib/thumb/v7-m\libg_nano.a(lib_a-nano-svfprintf.o) (memchr)
e:/embedded/arm/imt_arm_course/02- tools/03- imt sdk/imt_sdk_win_32/winarm/armgcc/bin/../lib/gcc/arm-none-eabi/7.2.1/../../../../arm-none-eabi/lib/thumb/v7-m\libg_nano.a(lib_a-memcpy-stub.o)
                              e:/embedded/arm/imt_arm_course/02- tools/03- imt sdk/imt_sdk_win_32/winarm/armgcc/bin/../lib/gcc/arm-none-eabi/7.2.1/../../../../arm-none-eabi/lib/thumb/v7-m\libg_nano.a(lib_a-nano-svfprintf.o) (memcpy)
e:/embedded/arm/imt_arm_course/02- tools/03- imt sdk/imt_sdk_win_32/winarm/armgcc/bin/../lib/gcc/arm-none-eabi/7.2.1/../../../../arm-none-eabi/lib/thumb/v7-m\libg_nano.a(lib_a-memmove.o)
                              e:/embedded/arm/imt_arm_course/02- tools/03- imt sdk/imt_sdk_win_32/winarm/armgcc/bin/../lib/gcc/arm-none-eabi/7.2.1/../../../../arm-none-eabi/lib/thumb/v7-m\libg_nano.a(lib_a-nano-svfprintf.o) (memmove)
e:/embedded/arm/imt_arm_course/02- tools/03- imt sdk/imt_sdk_win_32/winarm/armgcc/bin/../lib/gcc/arm-none-eabi/7.2.1/../../../../arm-none-eabi/lib/thumb/v7-m\libg_nano.a(lib_a-nano-freer.o)
                              e:/embedded/arm/imt_arm_course/02- tools/03- imt sdk/imt_sdk_win_32/winarm/armgcc/bin/../lib/gcc/arm-none-eabi/7.2.1/../../../../arm-none-eabi/lib/thumb/v7-m\libg_nano.a(lib_a-nano-svfprintf.o) (_free_r)
e:/embedded/arm/imt_arm_course/02- tools/03- imt sdk/imt_sdk_win_32/winarm/armgcc/bin/../lib/gcc/arm-none-eabi/7.2.1/../../../../arm-none-eabi/lib/thumb/v7-m\libg_nano.a(lib_a-nano-mallocr.o)
                              e:/embedded/arm/imt_arm_course/02- tools/03- imt sdk/imt_sdk_win_32/winarm/armgcc/bin/../lib/gcc/arm-none-eabi/7.2.1/../../../../arm-none-eabi/lib/thumb/v7-m\libg_nano.a(lib_a-nano-svfprintf.o) (_malloc_r)
e:/embedded/arm/imt_arm_course/02- tools/03- imt sdk/imt_sdk_win_32/winarm/armgcc/bin/../lib/gcc/arm-none-eabi/7.2.1/../../../../arm-none-eabi/lib/thumb/v7-m\libg_nano.a(lib_a-nano-reallocr.o)
                              e:/embedded/arm/imt_arm_course/02- tools/03- imt sdk/imt_sdk_win_32/winarm/armgcc/bin/../lib/gcc/arm-none-eabi/7.2.1/../../../../arm-none-eabi/lib/thumb/v7-m\libg_nano.a(lib_a-nano-svfprintf.o) (_realloc_r)
e:/embedded/arm/imt_arm_course/02- tools/03- imt sdk/imt_sdk_win_32/winarm/armgcc/bin/../lib/gcc/arm-none-eabi/7.2.1/../../../../arm-none-eabi/lib/thumb/v7-m\libg_nano.a(lib_a-sbrkr.o)
[...]
Memory Configuration

Name             Origin             Length             Attributes
RAM              0x20000000         0x00005000         xrw
CCMRAM           0x00000000         0x00000000         xrw
FLASH            0x08000000         0x00010000         xr
FLASHB1          0x00000000         0x00000000         xr
EXTMEMB0         0x00000000         0x00000000         xr
EXTMEMB1         0x00000000         0x00000000         xr
EXTMEMB2         0x00000000         0x00000000         xr
EXTMEMB3         0x00000000         0x00000000         xr
MEMORY_ARRAY     0x00000000         0x00000000         xrw
*default*        0x00000000         0xffffffff

Linker script and memory map

LOAD ./system/src/stm32f1-stdperiph/misc.o
LOAD ./system/src/stm32f1-stdperiph/stm32f10x_gpio.o
LOAD ./system/src/stm32f1-stdperiph/stm32f10x_rcc.o
LOAD ./system/src/newlib/_cxx.o
LOAD ./system/src/newlib/_exit.o
LOAD ./system/src/newlib/_sbrk.o
LOAD ./system/src/newlib/_startup.o
LOAD ./system/src/newlib/_syscalls.o
LOAD ./system/src/newlib/assert.o
LOAD ./system/src/diag/Trace.o
LOAD ./system/src/diag/trace_impl.o
LOAD ./system/src/cortexm/_initialize_hardware.o
LOAD ./system/src/cortexm/_reset_hardware.o
LOAD ./system/src/cortexm/exception_handlers.o
LOAD ./system/src/cmsis/system_stm32f10x.o
LOAD ./system/src/cmsis/vectors_stm32f10x.o
LOAD ./src/MGPIO_program.o
LOAD ./src/MRCC_program.o
LOAD ./src/MSTK_program.o
LOAD ./src/STMU_Prog.o
LOAD ./src/main.o
LOAD e:/embedded/arm/imt_arm_course/02- tools/03- imt sdk/imt_sdk_win_32/winarm/armgcc/bin/../lib/gcc/arm-none-eabi/7.2.1/../../../../arm-none-eabi/lib/thumb/v7-m\libstdc++_nano.a
LOAD e:/embedded/arm/imt_arm_course/02- tools/03- imt sdk/imt_sdk_win_32/winarm/armgcc/bin/../lib/gcc/arm-none-eabi/7.2.1/../../../../arm-none-eabi/lib/thumb/v7-m\libm.a
START GROUP
LOAD e:/embedded/arm/imt_arm_course/02- tools/03- imt sdk/imt_sdk_win_32/winarm/armgcc/bin/../lib/gcc/arm-none-eabi/7.2.1/thumb/v7-m\libgcc.a
LOAD e:/embedded/arm/imt_arm_course/02- tools/03- imt sdk/imt_sdk_win_32/winarm/armgcc/bin/../lib/gcc/arm-none-eabi/7.2.1/../../../../arm-none-eabi/lib/thumb/v7-m\libg_nano.a
LOAD e:/embedded/arm/imt_arm_course/02- tools/03- imt sdk/imt_sdk_win_32/winarm/armgcc/bin/../lib/gcc/arm-none-eabi/7.2.1/../../../../arm-none-eabi/lib/thumb/v7-m\libc_nano.a
END GROUP
START GROUP
LOAD e:/embedded/arm/imt_arm_course/02- tools/03- imt sdk/imt_sdk_win_32/winarm/armgcc/bin/../lib/gcc/arm-none-eabi/7.2.1/thumb/v7-m\libgcc.a
LOAD e:/embedded/arm/imt_arm_course/02- tools/03- imt sdk/imt_sdk_win_32/winarm/armgcc/bin/../lib/gcc/arm-none-eabi/7.2.1/../../../../arm-none-eabi/lib/thumb/v7-m\libc_nano.a
END GROUP
                0x20005000                __stack = (ORIGIN (RAM) + LENGTH (RAM))
                0x20005000                _estack = __stack
                0x00000400                __Main_Stack_Size = 0x400
                [!provide]                PROVIDE (_Main_Stack_Size, __Main_Stack_Size)
                0x20004c00                __Main_Stack_Limit = (__stack - __Main_Stack_Size)
                [!provide]                PROVIDE (_Main_Stack_Limit, __Main_Stack_Limit)
                0x00000100                _Minimum_Stack_Size = 0x100
                0x20000150                PROVIDE (_Heap_Begin, _end_noinit)
                0x20004c00                PROVIDE (_Heap_Limit, (__stack - __Main_Stack_Size))

.isr_vector     0x08000000      0x350
 FILL mask 0xff
                0x08000000                __vectors_start = ABSOLUTE (.)
                0x08000000                __vectors_start__ = ABSOLUTE (.)
 *(.isr_vector)
 .isr_vector    0x08000000      0x10c ./system/src/cmsis/vectors_stm32f10x.o
                0x08000000                __isr_vectors
 *(.cfmconfig)
 *(.after_vectors .after_vectors.*)
 .after_vectors
                0x0800010c      0x114 ./system/src/newlib/_startup.o
                0x0800010c                _start
 .after_vectors
                0x08000220      0x12c ./system/src/cortexm/exception_handlers.o
                0x08000220                Reset_Handler
                0x08000226                NMI_Handler
                0x0800022a                HardFault_Handler
                0x0800023e                HardFault_Handler_C
                0x0800029c                MemManage_Handler
                0x080002a0                BusFault_Handler
                0x080002b4                BusFault_Handler_C
                0x080002e8                UsageFault_Handler
                0x080002fc                UsageFault_Handler_C
                0x08000330                SVC_Handler
                0x08000334                DebugMon_Handler
                0x08000338                PendSV_Handler
 .after_vectors
                0x0800034c        0x4 ./system/src/cmsis/vectors_stm32f10x.o
                0x0800034c                EXTI2_IRQHandler
                0x0800034c                TIM8_TRG_COM_IRQHandler
                0x0800034c                TIM8_CC_IRQHandler
                0x0800034c                TIM1_CC_IRQHandler
                0x0800034c                TIM6_IRQHandler
                0x0800034c                PVD_IRQHandler
                0x0800034c                SDIO_IRQHandler
                0x0800034c                CAN2_RX1_IRQHandler
                0x0800034c                EXTI3_IRQHandler
                0x0800034c                TIM8_TRG_COM_TIM14_IRQHandler
                0x0800034c                TIM1_UP_TIM10_IRQHandler
                0x0800034c                TIM8_UP_TIM13_IRQHandler
                0x0800034c                EXTI0_IRQHandler
                0x0800034c                I2C2_EV_IRQHandler
                0x0800034c                CAN1_RX0_IRQHandler
                0x0800034c                TIM1_UP_TIM16_IRQHandler
                0x0800034c                CAN2_SCE_IRQHandler
                0x0800034c                ADC1_2_IRQHandler
                0x0800034c                SPI1_IRQHandler
                0x0800034c                TAMPER_IRQHandler
                0x0800034c                TIM6_DAC_IRQHandler
                0x0800034c                TIM1_BRK_TIM9_IRQHandler
                0x0800034c                CAN2_RX0_IRQHandler
                0x0800034c                TIM8_UP_IRQHandler
                0x0800034c                DMA2_Channel2_IRQHandler
                0x0800034c                DMA1_Channel4_IRQHandler
                0x0800034c                USART3_IRQHandler
                0x0800034c                RTC_IRQHandler
                0x0800034c                DMA1_Channel7_IRQHandler
                0x0800034c                CAN1_RX1_IRQHandler
                0x0800034c                UART5_IRQHandler
                0x0800034c                ADC3_IRQHandler
                0x0800034c                TIM4_IRQHandler
                0x0800034c                DMA2_Channel1_IRQHandler
                0x0800034c                I2C1_EV_IRQHandler
                0x0800034c                DMA1_Channel6_IRQHandler
                0x0800034c                UART4_IRQHandler
                0x0800034c                DMA2_Channel4_IRQHandler
                0x0800034c                TIM3_IRQHandler
                0x0800034c                RCC_IRQHandler
                0x0800034c                TIM8_BRK_TIM12_IRQHandler
                0x0800034c                TIM1_TRG_COM_IRQHandler
                0x0800034c                DMA1_Channel1_IRQHandler
                0x0800034c                Default_Handler
                0x0800034c                CEC_IRQHandler
                0x0800034c                EXTI15_10_IRQHandler
                0x0800034c                TIM14_IRQHandler
                0x0800034c                TIM13_IRQHandler
                0x0800034c                TIM12_IRQHandler
                0x0800034c                TIM7_IRQHandler
                0x0800034c                CAN2_TX_IRQHandler
                0x0800034c                TIM5_IRQHandler
                0x0800034c                EXTI9_5_IRQHandler
                0x0800034c                ETH_WKUP_IRQHandler
                0x0800034c                SPI2_IRQHandler
                0x0800034c                CAN1_TX_IRQHandler
                0x0800034c                DMA2_Channel5_IRQHandler
                0x0800034c                DMA1_Channel5_IRQHandler
                0x0800034c                EXTI4_IRQHandler
                0x0800034c                USB_LP_CAN1_RX0_IRQHandler
                0x0800034c                TIM1_TRG_COM_TIM17_IRQHandler
                0x0800034c                USB_HP_CAN1_TX_IRQHandler
                0x0800034c                DMA1_Channel3_IRQHandler
                0x0800034c                FSMC_IRQHandler
                0x0800034c                ETH_IRQHandler
                0x0800034c                TIM1_UP_IRQHandler
                0x0800034c                WWDG_IRQHandler
                0x0800034c                TIM2_IRQHandler
                0x0800034c                OTG_FS_WKUP_IRQHandler
                0x0800034c                TIM1_TRG_COM_TIM11_IRQHandler
                0x0800034c                TIM1_BRK_IRQHandler
                0x0800034c                EXTI1_IRQHandler
                0x0800034c                RTCAlarm_IRQHandler
                0x0800034c                DMA2_Channel4_5_IRQHandler
                0x0800034c                USART2_IRQHandler
                0x0800034c                I2C2_ER_IRQHandler
                0x0800034c                DMA1_Channel2_IRQHandler
                0x0800034c                TIM8_BRK_IRQHandler
                0x0800034c                CAN1_SCE_IRQHandler
                0x0800034c                FLASH_IRQHandler
                0x0800034c                USART1_IRQHandler
                0x0800034c                OTG_FS_IRQHandler
                0x0800034c                SPI3_IRQHandler
                0x0800034c                I2C1_ER_IRQHandler
                0x0800034c                USBWakeUp_IRQHandler
                0x0800034c                DMA2_Channel3_IRQHandler
                0x0800034c                TIM1_BRK_TIM15_IRQHandler

.inits          0x08000350       0x28
                0x08000350                __data_regions_array_start = .
                0x08000350        0x4 LONG 0x800150c LOADADDR (.data)
                0x08000354        0x4 LONG 0x20000000 ADDR (.data)
                0x08000358        0x4 LONG 0x2000008c (ADDR (.data) + SIZEOF (.data))
                0x0800035c        0x4 LONG 0x800150c LOADADDR (.data_CCMRAM)
                0x08000360        0x4 LONG 0x0 ADDR (.data_CCMRAM)
                0x08000364        0x4 LONG 0x0 (ADDR (.data_CCMRAM) + SIZEOF (.data_CCMRAM))
                0x08000368                __data_regions_array_end = .
                0x08000368                __bss_regions_array_start = .
                0x08000368        0x4 LONG 0x2000008c ADDR (.bss)
                0x0800036c        0x4 LONG 0x20000150 (ADDR (.bss) + SIZEOF (.bss))
                0x08000370        0x4 LONG 0x0 ADDR (.bss_CCMRAM)
                0x08000374        0x4 LONG 0x0 (ADDR (.bss_CCMRAM) + SIZEOF (.bss_CCMRAM))
                0x08000378                __bss_regions_array_end = .
 *(.init)
 *(.fini)
                0x08000378                . = ALIGN (0x4)
                0x08000378                PROVIDE (__preinit_array_start, .)
 *(.preinit_array_sysinit .preinit_array_sysinit.*)
 *(.preinit_array_platform .preinit_array_platform.*)
 *(.preinit_array .preinit_array.*)
                0x08000378                PROVIDE (__preinit_array_end, .)
                0x08000378                . = ALIGN (0x4)
                0x08000378                PROVIDE (__init_array_start, .)
 *(SORT_BY_NAME(.init_array.*))
 *(.init_array)
                0x08000378                PROVIDE (__init_array_end, .)
                0x08000378                . = ALIGN (0x4)
                0x08000378                PROVIDE (__fini_array_start, .)
 *(SORT_BY_NAME(.fini_array.*))
 *(.fini_array)
                0x08000378                PROVIDE (__fini_array_end, .)

.flashtext
 *(.flashtext .flashtext.*)

.text           0x08000378     0x1193
 *(.text .text.*)
 .text._exit    0x08000378        0x2 ./system/src/newlib/_exit.o
                0x08000378                _exit
 *fill*         0x0800037a        0x2 
 .text._sbrk    0x0800037c       0x44 ./system/src/newlib/_sbrk.o
                0x0800037c                _sbrk
 .text.__initialize_args
                0x080003c0       0x10 ./system/src/newlib/_syscalls.o
                0x080003c0                __initialize_args
 .text.trace_printf
                0x080003d0       0x30 ./system/src/diag/Trace.o
                0x080003d0                trace_printf
 .text._trace_write_semihosting_debug
                0x08000400       0x60 ./system/src/diag/trace_impl.o
 .text.trace_write
                0x08000460        0x8 ./system/src/diag/trace_impl.o
                0x08000460                trace_write
 .text.__initialize_hardware_early
                0x08000468       0x18 ./system/src/cortexm/_initialize_hardware.o
                0x08000468                __initialize_hardware_early
 .text.__initialize_hardware
                0x08000480        0x8 ./system/src/cortexm/_initialize_hardware.o
                0x08000480                __initialize_hardware
 .text.dumpExceptionStack
                0x08000488       0xf4 ./system/src/cortexm/exception_handlers.o
                0x08000488                dumpExceptionStack
 .text.isSemihosting
                0x0800057c       0x20 ./system/src/cortexm/exception_handlers.o
                0x0800057c                isSemihosting
 .text.SetSysClockTo72
                0x0800059c       0xc4 ./system/src/cmsis/system_stm32f10x.o
 .text.SetSysClock
                0x08000660        0x8 ./system/src/cmsis/system_stm32f10x.o
 .text.SystemInit
                0x08000668       0x50 ./system/src/cmsis/system_stm32f10x.o
                0x08000668                SystemInit
 .text.SystemCoreClockUpdate
                0x080006b8       0x94 ./system/src/cmsis/system_stm32f10x.o
                0x080006b8                SystemCoreClockUpdate
 .text.MGPIO_voidSetPinDirection
                0x0800074c       0xf0 ./src/MGPIO_program.o
                0x0800074c                MGPIO_voidSetPinDirection
 .text.MGPIO_voidSetPinValue
                0x0800083c       0x8c ./src/MGPIO_program.o
                0x0800083c                MGPIO_voidSetPinValue
 .text.MRCC_voidInitSysClock
                0x080008c8       0x28 ./src/MRCC_program.o
                0x080008c8                MRCC_voidInitSysClock
 .text.MRCC_voidEnablePerClock
                0x080008f0       0x40 ./src/MRCC_program.o
                0x080008f0                MRCC_voidEnablePerClock
 .text.MSTK_voidInit
                0x08000930        0xc ./src/MSTK_program.o
                0x08000930                MSTK_voidInit
 .text.MSTK_voidSetIntervalPeriodic
                0x0800093c       0x30 ./src/MSTK_program.o
                0x0800093c                MSTK_voidSetIntervalPeriodic
 .text.SysTick_Handler
                0x0800096c       0x38 ./src/MSTK_program.o
                0x0800096c                SysTick_Handler
 .text.STMU_VidSchdular
                0x080009a4       0x3c ./src/STMU_Prog.o
                0x080009a4                STMU_VidSchdular
 .text.STMU_VidAddTask
                0x080009e0       0x30 ./src/STMU_Prog.o
                0x080009e0                STMU_VidAddTask
 .text.STMU_VidStartSchudler
                0x08000a10       0x2c ./src/STMU_Prog.o
                0x08000a10                STMU_VidStartSchudler
 .text.TASK1_VidFunc
                0x08000a3c       0x1c ./src/main.o
                0x08000a3c                TASK1_VidFunc
 .text.TASK2_VidFunc
                0x08000a58       0x1c ./src/main.o
                0x08000a58                TASK2_VidFunc
 .text.TASK3_VidFunc
                0x08000a74       0x1c ./src/main.o
                0x08000a74                TASK3_VidFunc
 .text.main     0x08000a90       0xa0 ./src/main.o
                0x08000a90                main
 .text.__errno  0x08000b30        0xc e:/embedded/arm/imt_arm_course/02- tools/03- imt sdk/imt_sdk_win_32/winarm/armgcc/bin/../lib/gcc/arm-none-eabi/7.2.1/../../../../arm-none-eabi/lib/thumb/v7-m\libg_nano.a(lib_a-errno.o)
                0x08000b30                __errno
 .text._vsnprintf_r
                0x08000b3c       0x58 e:/embedded/arm/imt_arm_course/02- tools/03- imt sdk/imt_sdk_win_32/winarm/armgcc/bin/../lib/gcc/arm-none-eabi/7.2.1/../../../../arm-none-eabi/lib/thumb/v7-m\libg_nano.a(lib_a-vsnprintf.o)
                0x08000b3c                _vsniprintf_r
                0x08000b3c                _vsnprintf_r
 .text.vsnprintf
                0x08000b94       0x1c e:/embedded/arm/imt_arm_course/02- tools/03- imt sdk/imt_sdk_win_32/winarm/armgcc/bin/../lib/gcc/arm-none-eabi/7.2.1/../../../../arm-none-eabi/lib/thumb/v7-m\libg_nano.a(lib_a-vsnprintf.o)
                0x08000b94                vsniprintf
                0x08000b94                vsnprintf
 .text.__ssputs_r
                0x08000bb0       0xb4 e:/embedded/arm/imt_arm_course/02- tools/03- imt sdk/imt_sdk_win_32/winarm/armgcc/bin/../lib/gcc/arm-none-eabi/7.2.1/../../../../arm-none-eabi/lib/thumb/v7-m\libg_nano.a(lib_a-nano-svfprintf.o)
                0x08000bb0                __ssputs_r
 .text._svfprintf_r
                0x08000c64      0x1ec e:/embedded/arm/imt_arm_course/02- tools/03- imt sdk/imt_sdk_win_32/winarm/armgcc/bin/../lib/gcc/arm-none-eabi/7.2.1/../../../../arm-none-eabi/lib/thumb/v7-m\libg_nano.a(lib_a-nano-svfprintf.o)
                0x08000c64                _svfiprintf_r
                0x08000c64                _svfprintf_r
 .text._printf_common
                0x08000e50       0xec e:/embedded/arm/imt_arm_course/02- tools/03- imt sdk/imt_sdk_win_32/winarm/armgcc/bin/../lib/gcc/arm-none-eabi/7.2.1/../../../../arm-none-eabi/lib/thumb/v7-m\libg_nano.a(lib_a-nano-vfprintf_i.o)
                0x08000e50                _printf_common
 .text._printf_i
                0x08000f3c      0x224 e:/embedded/arm/imt_arm_course/02- tools/03- imt sdk/imt_sdk_win_32/winarm/armgcc/bin/../lib/gcc/arm-none-eabi/7.2.1/../../../../arm-none-eabi/lib/thumb/v7-m\libg_nano.a(lib_a-nano-vfprintf_i.o)
                0x08000f3c                _printf_i
 .text.memchr   0x08001160       0x1c e:/embedded/arm/imt_arm_course/02- tools/03- imt sdk/imt_sdk_win_32/winarm/armgcc/bin/../lib/gcc/arm-none-eabi/7.2.1/../../../../arm-none-eabi/lib/thumb/v7-m\libg_nano.a(lib_a-memchr-stub.o)
                0x08001160                memchr
 .text.memcpy   0x0800117c       0x16 e:/embedded/arm/imt_arm_course/02- tools/03- imt sdk/imt_sdk_win_32/winarm/armgcc/bin/../lib/gcc/arm-none-eabi/7.2.1/../../../../arm-none-eabi/lib/thumb/v7-m\libg_nano.a(lib_a-memcpy-stub.o)
                0x0800117c                memcpy
 .text.memmove  0x08001192       0x32 e:/embedded/arm/imt_arm_course/02- tools/03- imt sdk/imt_sdk_win_32/winarm/armgcc/bin/../lib/gcc/arm-none-eabi/7.2.1/../../../../arm-none-eabi/lib/thumb/v7-m\libg_nano.a(lib_a-memmove.o)
                0x08001192                memmove
 .text._free_r  0x080011c4       0x98 e:/embedded/arm/imt_arm_course/02- tools/03- imt sdk/imt_sdk_win_32/winarm/armgcc/bin/../lib/gcc/arm-none-eabi/7.2.1/../../../../arm-none-eabi/lib/thumb/v7-m\libg_nano.a(lib_a-nano-freer.o)
                0x080011c4                _free_r
 .text._malloc_r
                0x0800125c       0xb4 e:/embedded/arm/imt_arm_course/02- tools/03- imt sdk/imt_sdk_win_32/winarm/armgcc/bin/../lib/gcc/arm-none-eabi/7.2.1/../../../../arm-none-eabi/lib/thumb/v7-m\libg_nano.a(lib_a-nano-mallocr.o)
                0x0800125c                _malloc_r
 .text._realloc_r
                0x08001310       0x4c e:/embedded/arm/imt_arm_course/02- tools/03- imt sdk/imt_sdk_win_32/winarm/armgcc/bin/../lib/gcc/arm-none-eabi/7.2.1/../../../../arm-none-eabi/lib/thumb/v7-m\libg_nano.a(lib_a-nano-reallocr.o)
                0x08001310                _realloc_r
 .text._sbrk_r  0x0800135c       0x20 e:/embedded/arm/imt_arm_course/02- tools/03- imt sdk/imt_sdk_win_32/winarm/armgcc/bin/../lib/gcc/arm-none-eabi/7.2.1/../../../../arm-none-eabi/lib/thumb/v7-m\libg_nano.a(lib_a-sbrkr.o)
                0x0800135c                _sbrk_r
 .text.__malloc_lock
                0x0800137c        0x2 e:/embedded/arm/imt_arm_course/02- tools/03- imt sdk/imt_sdk_win_32/winarm/armgcc/bin/../lib/gcc/arm-none-eabi/7.2.1/../../../../arm-none-eabi/lib/thumb/v7-m\libg_nano.a(lib_a-mlock.o)
                0x0800137c                __malloc_lock
 .text.__malloc_unlock
                0x0800137e        0x2 e:/embedded/arm/imt_arm_course/02- tools/03- imt sdk/imt_sdk_win_32/winarm/armgcc/bin/../lib/gcc/arm-none-eabi/7.2.1/../../../../arm-none-eabi/lib/thumb/v7-m\libg_nano.a(lib_a-mlock.o)
                0x0800137e                __malloc_unlock
 .text._malloc_usable_size_r
                0x08001380       0x10 e:/embedded/arm/imt_arm_course/02- tools/03- imt sdk/imt_sdk_win_32/winarm/armgcc/bin/../lib/gcc/arm-none-eabi/7.2.1/../../../../arm-none-eabi/lib/thumb/v7-m\libg_nano.a(lib_a-nano-msizer.o)
                0x08001380                _malloc_usable_size_r
 *(.rodata .rodata.* .constdata .constdata.*)
 .rodata.dumpExceptionStack.str1.4
                0x08001390      0x11a ./system/src/cortexm/exception_handlers.o
 *fill*         0x080014aa        0x2 
 .rodata.str1.4
                0x080014ac       0x2c ./system/src/cortexm/exception_handlers.o
                                 0x2a (size before relaxing)
 .rodata._svfprintf_r.str1.1
                0x080014d8       0x11 e:/embedded/arm/imt_arm_course/02- tools/03- imt sdk/imt_sdk_win_32/winarm/armgcc/bin/../lib/gcc/arm-none-eabi/7.2.1/../../../../arm-none-eabi/lib/thumb/v7-m\libg_nano.a(lib_a-nano-svfprintf.o)
 .rodata._printf_i.str1.1
                0x080014e9       0x22 e:/embedded/arm/imt_arm_course/02- tools/03- imt sdk/imt_sdk_win_32/winarm/armgcc/bin/../lib/gcc/arm-none-eabi/7.2.1/../../../../arm-none-eabi/lib/thumb/v7-m\libg_nano.a(lib_a-nano-vfprintf_i.o)
 *(vtable)
 *(.eh_frame*)
 *(.glue_7)
 .glue_7        0x0800150b        0x0 linker stubs
 *(.glue_7t)
 .glue_7t       0x0800150b        0x0 linker stubs

.vfp11_veneer   0x0800150c        0x0
 .vfp11_veneer  0x0800150c        0x0 linker stubs

.v4_bx          0x0800150c        0x0
 .v4_bx         0x0800150c        0x0 linker stubs

.iplt           0x0800150c        0x0
 .iplt          0x0800150c        0x0 ./system/src/newlib/_exit.o

.rel.dyn        0x0800150c        0x0
 .rel.iplt      0x0800150c        0x0 ./system/src/newlib/_exit.o

.ARM.extab
 *(.ARM.extab* .gnu.linkonce.armextab.*)
                0x0800150c                . = ALIGN (0x4)
                0x0800150c                __exidx_start = .

.ARM.exidx
 *(.ARM.exidx* .gnu.linkonce.armexidx.*)
                0x0800150c                __exidx_end = .
                0x0800150c                . = ALIGN (0x4)
                0x0800150c                _etext = .
                0x0800150c                __etext = .

.data_CCMRAM    0x00000000        0x0 load address 0x0800150c
 FILL mask 0xff
 *(.data.CCMRAM .data.CCMRAM.*)
                0x00000000                . = ALIGN (0x4)
                0x0800150c                _sidata = LOADADDR (.data)

.data           0x20000000       0x8c load address 0x0800150c
 FILL mask 0xff
                0x20000000                _sdata = .
                0x20000000                __data_start__ = .
 *(.data_begin .data_begin.*)
 .data_begin    0x20000000        0x4 ./system/src/newlib/_startup.o
 *(.data .data.*)
 .data.argv.4310
                0x20000004        0x8 ./system/src/newlib/_syscalls.o
 .data.AHBPrescTable
                0x2000000c       0x10 ./system/src/cmsis/system_stm32f10x.o
                0x2000000c                AHBPrescTable
 .data.SystemCoreClock
                0x2000001c        0x4 ./system/src/cmsis/system_stm32f10x.o
                0x2000001c                SystemCoreClock
 .data.Global_U8T1Toggle
                0x20000020        0x1 ./src/main.o
                0x20000020                Global_U8T1Toggle
 .data.Global_U8T2Toggle
                0x20000021        0x1 ./src/main.o
                0x20000021                Global_U8T2Toggle
 .data.Global_U8T3Toggle
                0x20000022        0x1 ./src/main.o
                0x20000022                Global_U8T3Toggle
 *fill*         0x20000023        0x1 ff
 .data._impure_ptr
                0x20000024        0x4 e:/embedded/arm/imt_arm_course/02- tools/03- imt sdk/imt_sdk_win_32/winarm/armgcc/bin/../lib/gcc/arm-none-eabi/7.2.1/../../../../arm-none-eabi/lib/thumb/v7-m\libg_nano.a(lib_a-impure.o)
                0x20000024                _impure_ptr
 .data.impure_data
                0x20000028       0x60 e:/embedded/arm/imt_arm_course/02- tools/03- imt sdk/imt_sdk_win_32/winarm/armgcc/bin/../lib/gcc/arm-none-eabi/7.2.1/../../../../arm-none-eabi/lib/thumb/v7-m\libg_nano.a(lib_a-impure.o)
 *(.data_end .data_end.*)
 .data_end      0x20000088        0x4 ./system/src/newlib/_startup.o
                0x2000008c                . = ALIGN (0x4)
                0x2000008c                _edata = .
                0x2000008c                __data_end__ = .

.igot.plt       0x2000008c        0x0 load address 0x08001598
 .igot.plt      0x2000008c        0x0 ./system/src/newlib/_exit.o

.bss_CCMRAM     0x00000000        0x0
 *(.bss.CCMRAM .bss.CCMRAM.*)

.bss            0x2000008c       0xc4
                0x2000008c                __bss_start__ = .
                0x2000008c                _sbss = .
 *(.bss_begin .bss_begin.*)
 .bss_begin     0x2000008c        0x4 ./system/src/newlib/_startup.o
 *(.bss .bss.*)
 .bss.current_heap_end.3961
                0x20000090        0x4 ./system/src/newlib/_sbrk.o
 .bss.name.4309
                0x20000094        0x1 ./system/src/newlib/_syscalls.o
 *fill*         0x20000095        0x3 
 .bss.buf.5205  0x20000098       0x80 ./system/src/diag/Trace.o
 .bss.MSTK_CallBack
                0x20000118        0x4 ./src/MSTK_program.o
 .bss.MSTK_u8ModeOfInterval
                0x2000011c        0x1 ./src/MSTK_program.o
 *fill*         0x2000011d        0x3 
 .bss.STMU_Global_U32_TiksCount
                0x20000120        0x4 ./src/MSTK_program.o
                0x20000120                STMU_Global_U32_TiksCount
 .bss.__malloc_free_list
                0x20000124        0x4 e:/embedded/arm/imt_arm_course/02- tools/03- imt sdk/imt_sdk_win_32/winarm/armgcc/bin/../lib/gcc/arm-none-eabi/7.2.1/../../../../arm-none-eabi/lib/thumb/v7-m\libg_nano.a(lib_a-nano-mallocr.o)
                0x20000124                __malloc_free_list
 .bss.__malloc_sbrk_start
                0x20000128        0x4 e:/embedded/arm/imt_arm_course/02- tools/03- imt sdk/imt_sdk_win_32/winarm/armgcc/bin/../lib/gcc/arm-none-eabi/7.2.1/../../../../arm-none-eabi/lib/thumb/v7-m\libg_nano.a(lib_a-nano-mallocr.o)
                0x20000128                __malloc_sbrk_start
 *(COMMON)
 COMMON         0x2000012c        0x4 ./system/src/newlib/_syscalls.o
                0x2000012c                errno
 COMMON         0x20000130       0x19 ./src/STMU_Prog.o
                0x20000130                Tasks_t_arr
                0x20000148                Global_U8_TaskCount
 *(.bss_end .bss_end.*)
 *fill*         0x20000149        0x3 
 .bss_end       0x2000014c        0x4 ./system/src/newlib/_startup.o
                0x20000150                . = ALIGN (0x4)
                0x20000150                __bss_end__ = .
                0x20000150                _ebss = .

.noinit_CCMRAM
 *(.noinit.CCMRAM .noinit.CCMRAM.*)

.noinit         0x20000150        0x0
                0x20000150                _noinit = .
 *(.noinit .noinit.*)
                0x20000150                . = ALIGN (0x4)
                0x20000150                _end_noinit = .
                [!provide]                PROVIDE (end, _end_noinit)
                [!provide]                PROVIDE (_end, _end_noinit)
                [!provide]                PROVIDE (__end, _end_noinit)
                [!provide]                PROVIDE (__end__, _end_noinit)

._check_stack   0x20000150      0x100
                0x20000250                . = (. + _Minimum_Stack_Size)
 *fill*         0x20000150      0x100 

.b1text
 *(.b1text)
 *(.b1rodata)
 *(.b1rodata.*)

.eb0text
 *(.eb0text)
 *(.eb0rodata)
 *(.eb0rodata.*)

.eb1text
 *(.eb1text)
 *(.eb1rodata)
 *(.eb1rodata.*)

.eb2text
 *(.eb2text)
 *(.eb2rodata)
 *(.eb2rodata.*)

.eb3text
 *(.eb3text)
 *(.eb3rodata)
 *(.eb3rodata.*)

.stab
 *(.stab)

.stabstr
 *(.stabstr)

.stab.excl
 *(.stab.excl)

.stab.exclstr
 *(.stab.exclstr)

.stab.index
 *(.stab.index)

.stab.indexstr
 *(.stab.indexstr)

.comment        0x00000000       0x7e
 *(.comment)
 .comment       0x00000000       0x7e ./system/src/newlib/_exit.o
                                 0x7f (size before relaxing)
 .comment       0x0000007e       0x7f ./system/src/newlib/_sbrk.o
 .comment       0x0000007e       0x7f ./system/src/newlib/_startup.o
 .comment       0x0000007e       0x7f ./system/src/newlib/_syscalls.o
 .comment       0x0000007e       0x7f ./system/src/diag/Trace.o
 .comment       0x0000007e       0x7f ./system/src/diag/trace_impl.o
 .comment       0x0000007e       0x7f ./system/src/cortexm/_initialize_hardware.o
 .comment       0x0000007e       0x7f ./system/src/cortexm/exception_handlers.o
 .comment       0x0000007e       0x7f ./system/src/cmsis/system_stm32f10x.o
 .comment       0x0000007e       0x7f ./system/src/cmsis/vectors_stm32f10x.o
 .comment       0x0000007e       0x7f ./src/MGPIO_program.o
 .comment       0x0000007e       0x7f ./src/MRCC_program.o
 .comment       0x0000007e       0x7f ./src/MSTK_program.o
 .comment       0x0000007e       0x7f ./src/STMU_Prog.o
 .comment       0x0000007e       0x7f ./src/main.o

.ARM.attributes
                0x00000000       0x31
 .ARM.attributes
                0x00000000       0x33 ./system/src/newlib/_exit.o
 .ARM.attributes
                0x00000033       0x33 ./system/src/newlib/_sbrk.o
 .ARM.attributes
                0x00000066       0x33 ./system/src/newlib/_startup.o
 .ARM.attributes
                0x00000099       0x33 ./system/src/newlib/_syscalls.o
 .ARM.attributes
                0x000000cc       0x33 ./system/src/diag/Trace.o
 .ARM.attributes
                0x000000ff       0x33 ./system/src/diag/trace_impl.o
 .ARM.attributes
                0x00000132       0x33 ./system/src/cortexm/_initialize_hardware.o
 .ARM.attributes
                0x00000165       0x33 ./system/src/cortexm/exception_handlers.o
 .ARM.attributes
                0x00000198       0x33 ./system/src/cmsis/system_stm32f10x.o
 .ARM.attributes
                0x000001cb       0x33 ./system/src/cmsis/vectors_stm32f10x.o
 .ARM.attributes
                0x000001fe       0x33 ./src/MGPIO_program.o
 .ARM.attributes
                0x00000231       0x33 ./src/MRCC_program.o
 .ARM.attributes
                0x00000264       0x33 ./src/MSTK_program.o
 .ARM.attributes
                0x00000297       0x33 ./src/STMU_Prog.o
 .ARM.attributes
                0x000002ca       0x33 ./src/main.o
 .ARM.attributes
                0x000002fd       0x2d e:/embedded/arm/imt_arm_course/02- tools/03- imt sdk/imt_sdk_win_32/winarm/armgcc/bin/../lib/gcc/arm-none-eabi/7.2.1/../../../../arm-none-eabi/lib/thumb/v7-m\libg_nano.a(lib_a-errno.o)
 .ARM.attributes
                0x0000032a       0x2d e:/embedded/arm/imt_arm_course/02- tools/03- imt sdk/imt_sdk_win_32/winarm/armgcc/bin/../lib/gcc/arm-none-eabi/7.2.1/../../../../arm-none-eabi/lib/thumb/v7-m\libg_nano.a(lib_a-impure.o)
 .ARM.attributes
                0x00000357       0x2d e:/embedded/arm/imt_arm_course/02- tools/03- imt sdk/imt_sdk_win_32/winarm/armgcc/bin/../lib/gcc/arm-none-eabi/7.2.1/../../../../arm-none-eabi/lib/thumb/v7-m\libg_nano.a(lib_a-vsnprintf.o)
 .ARM.attributes
                0x00000384       0x2d e:/embedded/arm/imt_arm_course/02- tools/03- imt sdk/imt_sdk_win_32/winarm/armgcc/bin/../lib/gcc/arm-none-eabi/7.2.1/../../../../arm-none-eabi/lib/thumb/v7-m\libg_nano.a(lib_a-nano-svfprintf.o)
 .ARM.attributes
                0x000003b1       0x2d e:/embedded/arm/imt_arm_course/02- tools/03- imt sdk/imt_sdk_win_32/winarm/armgcc/bin/../lib/gcc/arm-none-eabi/7.2.1/../../../../arm-none-eabi/lib/thumb/v7-m\libg_nano.a(lib_a-nano-vfprintf_i.o)
 .ARM.attributes
                0x000003de       0x2d e:/embedded/arm/imt_arm_course/02- tools/03- imt sdk/imt_sdk_win_32/winarm/armgcc/bin/../lib/gcc/arm-none-eabi/7.2.1/../../../../arm-none-eabi/lib/thumb/v7-m\libg_nano.a(lib_a-memchr-stub.o)
 .ARM.attributes
                0x0000040b       0x2d e:/embedded/arm/imt_arm_course/02- tools/03- imt sdk/imt_sdk_win_32/winarm/armgcc/bin/../lib/gcc/arm-none-eabi/7.2.1/../../../../arm-none-eabi/lib/thumb/v7-m\libg_nano.a(lib_a-memcpy-stub.o)
 .ARM.attributes
                0x00000438       0x2d e:/embedded/arm/imt_arm_course/02- tools/03- imt sdk/imt_sdk_win_32/winarm/armgcc/bin/../lib/gcc/arm-none-eabi/7.2.1/../../../../arm-none-eabi/lib/thumb/v7-m\libg_nano.a(lib_a-memmove.o)
 .ARM.attributes
                0x00000465       0x2d e:/embedded/arm/imt_arm_course/02- tools/03- imt sdk/imt_sdk_win_32/winarm/armgcc/bin/../lib/gcc/arm-none-eabi/7.2.1/../../../../arm-none-eabi/lib/thumb/v7-m\libg_nano.a(lib_a-nano-freer.o)
 .ARM.attributes
                0x00000492       0x2d e:/embedded/arm/imt_arm_course/02- tools/03- imt sdk/imt_sdk_win_32/winarm/armgcc/bin/../lib/gcc/arm-none-eabi/7.2.1/../../../../arm-none-eabi/lib/thumb/v7-m\libg_nano.a(lib_a-nano-mallocr.o)
 .ARM.attributes
                0x000004bf       0x2d e:/embedded/arm/imt_arm_course/02- tools/03- imt sdk/imt_sdk_win_32/winarm/armgcc/bin/../lib/gcc/arm-none-eabi/7.2.1/../../../../arm-none-eabi/lib/thumb/v7-m\libg_nano.a(lib_a-nano-reallocr.o)
 .ARM.attributes
                0x000004ec       0x2d e:/embedded/arm/imt_arm_course/02- tools/03- imt sdk/imt_sdk_win_32/winarm/armgcc/bin/../lib/gcc/arm-none-eabi/7.2.1/../../../../arm-none-eabi/lib/thumb/v7-m\libg_nano.a(lib_a-sbrkr.o)
 .ARM.attributes
                0x00000519       0x2d e:/embedded/arm/imt_arm_course/02- tools/03- imt sdk/imt_sdk_win_32/winarm/armgcc/bin/../lib/gcc/arm-none-eabi/7.2.1/../../../../arm-none-eabi/lib/thumb/v7-m\libg_nano.a(lib_a-mlock.o)
 .ARM.attributes
                0x00000546       0x2d e:/embedded/arm/imt_arm_course/02- tools/03- imt sdk/imt_sdk_win_32/winarm/armgcc/bin/../lib/gcc/arm-none-eabi/7.2.1/../../../../arm-none-eabi/lib/thumb/v7-m\libg_nano.a(lib_a-nano-msizer.o)

.debug
 *(.debug)

.line
 *(.line)

.debug_srcinfo
 *(.debug_srcinfo)

.debug_sfnames
 *(.debug_sfnames)

.debug_aranges  0x00000000      0x358
 *(.debug_aranges)
 .debug_aranges
                0x00000000       0x28 ./system/src/newlib/_exit.o
 .debug_aranges
                0x00000028       0x20 ./system/src/newlib/_sbrk.o
 .debug_aranges
                0x00000048       0x40 ./system/src/newlib/_startup.o
 .debug_aranges
                0x00000088       0x30 ./system/src/newlib/_syscalls.o
 .debug_aranges
                0x000000b8       0x38 ./system/src/diag/Trace.o
 .debug_aranges
                0x000000f0       0x30 ./system/src/diag/trace_impl.o
 .debug_aranges
                0x00000120       0x28 ./system/src/cortexm/_initialize_hardware.o
 .debug_aranges
                0x00000148       0x90 ./system/src/cortexm/exception_handlers.o
 .debug_aranges
                0x000001d8       0x38 ./system/src/cmsis/system_stm32f10x.o
 .debug_aranges
                0x00000210       0x20 ./system/src/cmsis/vectors_stm32f10x.o
 .debug_aranges
                0x00000230       0x30 ./src/MGPIO_program.o
 .debug_aranges
                0x00000260       0x30 ./src/MRCC_program.o
 .debug_aranges
                0x00000290       0x58 ./src/MSTK_program.o
 .debug_aranges
                0x000002e8       0x38 ./src/STMU_Prog.o
 .debug_aranges
                0x00000320       0x38 ./src/main.o

.debug_pubnames
 *(.debug_pubnames)

.debug_info     0x00000000     0x5301
 *(.debug_info .gnu.linkonce.wi.*)
 .debug_info    0x00000000      0x956 ./system/src/newlib/_exit.o
 .debug_info    0x00000956      0x942 ./system/src/newlib/_sbrk.o
 .debug_info    0x00001298      0x42e ./system/src/newlib/_startup.o
 .debug_info    0x000016c6      0xa19 ./system/src/newlib/_syscalls.o
 .debug_info    0x000020df      0xb2a ./system/src/diag/Trace.o
 .debug_info    0x00002c09      0x363 ./system/src/diag/trace_impl.o
 .debug_info    0x00002f6c      0x2b5 ./system/src/cortexm/_initialize_hardware.o
 .debug_info    0x00003221     0x1140 ./system/src/cortexm/exception_handlers.o
 .debug_info    0x00004361      0x494 ./system/src/cmsis/system_stm32f10x.o
 .debug_info    0x000047f5       0xca ./system/src/cmsis/vectors_stm32f10x.o
 .debug_info    0x000048bf      0x1b7 ./src/MGPIO_program.o
 .debug_info    0x00004a76      0x18e ./src/MRCC_program.o
 .debug_info    0x00004c04      0x218 ./src/MSTK_program.o
 .debug_info    0x00004e1c      0x1db ./src/STMU_Prog.o
 .debug_info    0x00004ff7      0x30a ./src/main.o

.debug_abbrev   0x00000000     0x1789
 *(.debug_abbrev)
 .debug_abbrev  0x00000000      0x1f3 ./system/src/newlib/_exit.o
 .debug_abbrev  0x000001f3      0x1fc ./system/src/newlib/_sbrk.o
 .debug_abbrev  0x000003ef      0x1b3 ./system/src/newlib/_startup.o
 .debug_abbrev  0x000005a2      0x234 ./system/src/newlib/_syscalls.o
 .debug_abbrev  0x000007d6      0x276 ./system/src/diag/Trace.o
 .debug_abbrev  0x00000a4c      0x1e2 ./system/src/diag/trace_impl.o
 .debug_abbrev  0x00000c2e       0xea ./system/src/cortexm/_initialize_hardware.o
 .debug_abbrev  0x00000d18      0x32b ./system/src/cortexm/exception_handlers.o
 .debug_abbrev  0x00001043      0x177 ./system/src/cmsis/system_stm32f10x.o
 .debug_abbrev  0x000011ba       0x9d ./system/src/cmsis/vectors_stm32f10x.o
 .debug_abbrev  0x00001257       0xe9 ./src/MGPIO_program.o
 .debug_abbrev  0x00001340       0xaf ./src/MRCC_program.o
 .debug_abbrev  0x000013ef      0x14d ./src/MSTK_program.o
 .debug_abbrev  0x0000153c      0x148 ./src/STMU_Prog.o
 .debug_abbrev  0x00001684      0x105 ./src/main.o

.debug_line     0x00000000     0x3020
 *(.debug_line)
 .debug_line    0x00000000      0x3bf ./system/src/newlib/_exit.o
 .debug_line    0x000003bf      0x373 ./system/src/newlib/_sbrk.o
 .debug_line    0x00000732      0x42d ./system/src/newlib/_startup.o
 .debug_line    0x00000b5f      0x4a5 ./system/src/newlib/_syscalls.o
 .debug_line    0x00001004      0x43b ./system/src/diag/Trace.o
 .debug_line    0x0000143f      0x6a8 ./system/src/diag/trace_impl.o
 .debug_line    0x00001ae7      0x390 ./system/src/cortexm/_initialize_hardware.o
 .debug_line    0x00001e77      0x76a ./system/src/cortexm/exception_handlers.o
 .debug_line    0x000025e1      0x403 ./system/src/cmsis/system_stm32f10x.o
 .debug_line    0x000029e4      0x11c ./system/src/cmsis/vectors_stm32f10x.o
 .debug_line    0x00002b00      0x10c ./src/MGPIO_program.o
 .debug_line    0x00002c0c       0xda ./src/MRCC_program.o
 .debug_line    0x00002ce6      0x13d ./src/MSTK_program.o
 .debug_line    0x00002e23       0xfe ./src/STMU_Prog.o
 .debug_line    0x00002f21       0xff ./src/main.o

.debug_frame    0x00000000      0x954
 *(.debug_frame)
 .debug_frame   0x00000000       0x38 ./system/src/newlib/_exit.o
 .debug_frame   0x00000038       0x28 ./system/src/newlib/_sbrk.o
 .debug_frame   0x00000060       0x7c ./system/src/newlib/_startup.o
 .debug_frame   0x000000dc       0x50 ./system/src/newlib/_syscalls.o
 .debug_frame   0x0000012c       0x94 ./system/src/diag/Trace.o
 .debug_frame   0x000001c0       0x64 ./system/src/diag/trace_impl.o
 .debug_frame   0x00000224       0x40 ./system/src/cortexm/_initialize_hardware.o
 .debug_frame   0x00000264      0x158 ./system/src/cortexm/exception_handlers.o
 .debug_frame   0x000003bc       0x6c ./system/src/cmsis/system_stm32f10x.o
 .debug_frame   0x00000428       0x20 ./system/src/cmsis/vectors_stm32f10x.o
 .debug_frame   0x00000448       0x4c ./src/MGPIO_program.o
 .debug_frame   0x00000494       0x40 ./src/MRCC_program.o
 .debug_frame   0x000004d4       0xa4 ./src/MSTK_program.o
 .debug_frame   0x00000578       0x7c ./src/STMU_Prog.o
 .debug_frame   0x000005f4       0x70 ./src/main.o
 .debug_frame   0x00000664       0x20 e:/embedded/arm/imt_arm_course/02- tools/03- imt sdk/imt_sdk_win_32/winarm/armgcc/bin/../lib/gcc/arm-none-eabi/7.2.1/../../../../arm-none-eabi/lib/thumb/v7-m\libg_nano.a(lib_a-errno.o)
 .debug_frame   0x00000684       0x4c e:/embedded/arm/imt_arm_course/02- tools/03- imt sdk/imt_sdk_win_32/winarm/armgcc/bin/../lib/gcc/arm-none-eabi/7.2.1/../../../../arm-none-eabi/lib/thumb/v7-m\libg_nano.a(lib_a-vsnprintf.o)
 .debug_frame   0x000006d0       0x90 e:/embedded/arm/imt_arm_course/02- tools/03- imt sdk/imt_sdk_win_32/winarm/armgcc/bin/../lib/gcc/arm-none-eabi/7.2.1/../../../../arm-none-eabi/lib/thumb/v7-m\libg_nano.a(lib_a-nano-svfprintf.o)
 .debug_frame   0x00000760       0x60 e:/embedded/arm/imt_arm_course/02- tools/03- imt sdk/imt_sdk_win_32/winarm/armgcc/bin/../lib/gcc/arm-none-eabi/7.2.1/../../../../arm-none-eabi/lib/thumb/v7-m\libg_nano.a(lib_a-nano-vfprintf_i.o)
 .debug_frame   0x000007c0       0x28 e:/embedded/arm/imt_arm_course/02- tools/03- imt sdk/imt_sdk_win_32/winarm/armgcc/bin/../lib/gcc/arm-none-eabi/7.2.1/../../../../arm-none-eabi/lib/thumb/v7-m\libg_nano.a(lib_a-memchr-stub.o)
 .debug_frame   0x000007e8       0x28 e:/embedded/arm/imt_arm_course/02- tools/03- imt sdk/imt_sdk_win_32/winarm/armgcc/bin/../lib/gcc/arm-none-eabi/7.2.1/../../../../arm-none-eabi/lib/thumb/v7-m\libg_nano.a(lib_a-memcpy-stub.o)
 .debug_frame   0x00000810       0x28 e:/embedded/arm/imt_arm_course/02- tools/03- imt sdk/imt_sdk_win_32/winarm/armgcc/bin/../lib/gcc/arm-none-eabi/7.2.1/../../../../arm-none-eabi/lib/thumb/v7-m\libg_nano.a(lib_a-memmove.o)
 .debug_frame   0x00000838       0x38 e:/embedded/arm/imt_arm_course/02- tools/03- imt sdk/imt_sdk_win_32/winarm/armgcc/bin/../lib/gcc/arm-none-eabi/7.2.1/../../../../arm-none-eabi/lib/thumb/v7-m\libg_nano.a(lib_a-nano-freer.o)
 .debug_frame   0x00000870       0x2c e:/embedded/arm/imt_arm_course/02- tools/03- imt sdk/imt_sdk_win_32/winarm/armgcc/bin/../lib/gcc/arm-none-eabi/7.2.1/../../../../arm-none-eabi/lib/thumb/v7-m\libg_nano.a(lib_a-nano-mallocr.o)
 .debug_frame   0x0000089c       0x3c e:/embedded/arm/imt_arm_course/02- tools/03- imt sdk/imt_sdk_win_32/winarm/armgcc/bin/../lib/gcc/arm-none-eabi/7.2.1/../../../../arm-none-eabi/lib/thumb/v7-m\libg_nano.a(lib_a-nano-reallocr.o)
 .debug_frame   0x000008d8       0x2c e:/embedded/arm/imt_arm_course/02- tools/03- imt sdk/imt_sdk_win_32/winarm/armgcc/bin/../lib/gcc/arm-none-eabi/7.2.1/../../../../arm-none-eabi/lib/thumb/v7-m\libg_nano.a(lib_a-sbrkr.o)
 .debug_frame   0x00000904       0x30 e:/embedded/arm/imt_arm_course/02- tools/03- imt sdk/imt_sdk_win_32/winarm/armgcc/bin/../lib/gcc/arm-none-eabi/7.2.1/../../../../arm-none-eabi/lib/thumb/v7-m\libg_nano.a(lib_a-mlock.o)
 .debug_frame   0x00000934       0x20 e:/embedded/arm/imt_arm_course/02- tools/03- imt sdk/imt_sdk_win_32/winarm/armgcc/bin/../lib/gcc/arm-none-eabi/7.2.1/../../../../arm-none-eabi/lib/thumb/v7-m\libg_nano.a(lib_a-nano-msizer.o)

.debug_str      0x00000000    0x566ec
 *(.debug_str)
 .debug_str     0x00000000     0x7d0d ./system/src/newlib/_exit.o
                               0x7ee0 (size before relaxing)
 .debug_str     0x00007d0d      0x4f5 ./system/src/newlib/_sbrk.o
                               0x7292 (size before relaxing)
 .debug_str     0x00008202      0xbbd ./system/src/newlib/_startup.o
                               0x69cd (size before relaxing)
 .debug_str     0x00008dbf      0xe8b ./system/src/newlib/_syscalls.o
                               0x816d (size before relaxing)
 .debug_str     0x00009c4a      0x826 ./system/src/diag/Trace.o
                               0x8658 (size before relaxing)
 .debug_str     0x0000a470    0x4b2b9 ./system/src/diag/trace_impl.o
                              0x52a3e (size before relaxing)
 .debug_str     0x00055729       0xc4 ./system/src/cortexm/_initialize_hardware.o
                              0x4e82f (size before relaxing)
 .debug_str     0x000557ed      0x1a6 ./system/src/cortexm/exception_handlers.o
                              0x53c63 (size before relaxing)
 .debug_str     0x00055993      0x114 ./system/src/cmsis/system_stm32f10x.o
                              0x4e8c9 (size before relaxing)
 .debug_str     0x00055aa7       0x57 ./system/src/cmsis/vectors_stm32f10x.o
                               0x386e (size before relaxing)
 .debug_str     0x00055afe      0x4f3 ./src/MGPIO_program.o
                               0x328b (size before relaxing)
 .debug_str     0x00055ff1      0x364 ./src/MRCC_program.o
                               0x31e5 (size before relaxing)
 .debug_str     0x00056355      0x211 ./src/MSTK_program.o
                               0x306f (size before relaxing)
 .debug_str     0x00056566      0x106 ./src/STMU_Prog.o
                               0x2fd9 (size before relaxing)
 .debug_str     0x0005666c       0x80 ./src/main.o
                               0x3323 (size before relaxing)

.debug_loc      0x00000000      0xe42
 *(.debug_loc)
 .debug_loc     0x00000000       0x85 ./system/src/newlib/_sbrk.o
 .debug_loc     0x00000085      0x1a9 ./system/src/newlib/_startup.o
 .debug_loc     0x0000022e       0x63 ./system/src/newlib/_syscalls.o
 .debug_loc     0x00000291       0xf6 ./system/src/diag/Trace.o
 .debug_loc     0x00000387      0x121 ./system/src/diag/trace_impl.o
 .debug_loc     0x000004a8      0x291 ./system/src/cortexm/exception_handlers.o
 .debug_loc     0x00000739       0xdf ./system/src/cmsis/system_stm32f10x.o
 .debug_loc     0x00000818      0x3c1 ./src/MGPIO_program.o
 .debug_loc     0x00000bd9      0x14c ./src/MRCC_program.o
 .debug_loc     0x00000d25       0xc7 ./src/MSTK_program.o
 .debug_loc     0x00000dec       0x56 ./src/STMU_Prog.o

.debug_macinfo
 *(.debug_macinfo)

.debug_weaknames
 *(.debug_weaknames)

.debug_funcnames
 *(.debug_funcnames)

.debug_typenames
 *(.debug_typenames)

.debug_varnames
 *(.debug_varnames)
OUTPUT(STMU_Module.elf elf32-littlearm)

.debug_ranges   0x00000000      0x2e0
 .debug_ranges  0x00000000       0x18 ./system/src/newlib/_exit.o
 .debug_ranges  0x00000018       0x10 ./system/src/newlib/_sbrk.o
 .debug_ranges  0x00000028       0x78 ./system/src/newlib/_startup.o
 .debug_ranges  0x000000a0       0x20 ./system/src/newlib/_syscalls.o
 .debug_ranges  0x000000c0       0x28 ./system/src/diag/Trace.o
 .debug_ranges  0x000000e8       0x50 ./system/src/diag/trace_impl.o
 .debug_ranges  0x00000138       0x18 ./system/src/cortexm/_initialize_hardware.o
 .debug_ranges  0x00000150       0x80 ./system/src/cortexm/exception_handlers.o
 .debug_ranges  0x000001d0       0x28 ./system/src/cmsis/system_stm32f10x.o
 .debug_ranges  0x000001f8       0x10 ./system/src/cmsis/vectors_stm32f10x.o
 .debug_ranges  0x00000208       0x20 ./src/MGPIO_program.o
 .debug_ranges  0x00000228       0x20 ./src/MRCC_program.o
 .debug_ranges  0x00000248       0x48 ./src/MSTK_program.o
 .debug_ranges  0x00000290       0x28 ./src/STMU_Prog.o
 .debug_ranges  0x000002b8       0x28 ./src/main.o

.debug_macro    0x00000000     0x29c4
 .debug_macro   0x00000000      0x1b4 ./system/src/newlib/_exit.o
 .debug_macro   0x000001b4       0x9c ./system/src/newlib/_exit.o
 .debug_macro   0x00000250      0x10e ./system/src/newlib/_exit.o
 .debug_macro   0x0000035e       0x8d ./system/src/newlib/_exit.o
 .debug_macro   0x000003eb       0x43 ./system/src/newlib/_exit.o
 .debug_macro   0x0000042e      0x330 ./system/src/newlib/_exit.o
 .debug_macro   0x0000075e       0x35 ./system/src/newlib/_exit.o
 .debug_macro   0x00000793      0x169 ./system/src/newlib/_sbrk.o
 .debug_macro   0x000008fc      0x174 ./system/src/newlib/_sbrk.o
 .debug_macro   0x00000a70       0x10 ./system/src/newlib/_sbrk.o
 .debug_macro   0x00000a80      0x23b ./system/src/newlib/_sbrk.o
 .debug_macro   0x00000cbb      0x173 ./system/src/newlib/_startup.o
 .debug_macro   0x00000e2e      0x217 ./system/src/newlib/_syscalls.o
 .debug_macro   0x00001045       0x1c ./system/src/newlib/_syscalls.o
 .debug_macro   0x00001061       0x10 ./system/src/newlib/_syscalls.o
 .debug_macro   0x00001071       0x10 ./system/src/newlib/_syscalls.o
 .debug_macro   0x00001081       0x10 ./system/src/newlib/_syscalls.o
 .debug_macro   0x00001091       0x35 ./system/src/newlib/_syscalls.o
 .debug_macro   0x000010c6      0x122 ./system/src/newlib/_syscalls.o
 .debug_macro   0x000011e8       0x88 ./system/src/newlib/_syscalls.o
 .debug_macro   0x00001270       0x2b ./system/src/newlib/_syscalls.o
 .debug_macro   0x0000129b      0x118 ./system/src/newlib/_syscalls.o
 .debug_macro   0x000013b3      0x189 ./system/src/newlib/_syscalls.o
 .debug_macro   0x0000153c       0x16 ./system/src/newlib/_syscalls.o
 .debug_macro   0x00001552      0x1fb ./system/src/diag/Trace.o
 .debug_macro   0x0000174d       0x16 ./system/src/diag/Trace.o
 .debug_macro   0x00001763       0x97 ./system/src/diag/Trace.o
 .debug_macro   0x000017fa       0xfd ./system/src/diag/Trace.o
 .debug_macro   0x000018f7       0x10 ./system/src/diag/Trace.o
 .debug_macro   0x00001907       0x16 ./system/src/diag/Trace.o
 .debug_macro   0x0000191d      0x16f ./system/src/diag/Trace.o
 .debug_macro   0x00001a8c       0x4c ./system/src/diag/Trace.o
 .debug_macro   0x00001ad8       0x16 ./system/src/diag/Trace.o
 .debug_macro   0x00001aee      0x2da ./system/src/diag/trace_impl.o
 .debug_macro   0x00001dc8       0x10 ./system/src/diag/trace_impl.o
 .debug_macro   0x00001dd8       0xcf ./system/src/diag/trace_impl.o
 .debug_macro   0x00001ea7       0xbe ./system/src/diag/trace_impl.o
 .debug_macro   0x00001f65       0x22 ./system/src/diag/trace_impl.o
 .debug_macro   0x00001f87      0x16b ./system/src/cortexm/_initialize_hardware.o
 .debug_macro   0x000020f2      0x324 ./system/src/cortexm/exception_handlers.o
 .debug_macro   0x00002416       0x3b ./system/src/cortexm/exception_handlers.o
 .debug_macro   0x00002451       0x10 ./system/src/cortexm/exception_handlers.o
 .debug_macro   0x00002461      0x16e ./system/src/cmsis/system_stm32f10x.o
 .debug_macro   0x000025cf       0x34 ./system/src/cmsis/vectors_stm32f10x.o
 .debug_macro   0x00002603       0x40 ./src/MGPIO_program.o
 .debug_macro   0x00002643       0x22 ./src/MGPIO_program.o
 .debug_macro   0x00002665       0xe2 ./src/MGPIO_program.o
 .debug_macro   0x00002747       0x1c ./src/MGPIO_program.o
 .debug_macro   0x00002763       0x3f ./src/MRCC_program.o
 .debug_macro   0x000027a2       0x40 ./src/MRCC_program.o
 .debug_macro   0x000027e2       0xa0 ./src/MRCC_program.o
 .debug_macro   0x00002882       0x16 ./src/MRCC_program.o
 .debug_macro   0x00002898       0x40 ./src/MSTK_program.o
 .debug_macro   0x000028d8       0x28 ./src/MSTK_program.o
 .debug_macro   0x00002900       0x10 ./src/MSTK_program.o
 .debug_macro   0x00002910       0x4a ./src/STMU_Prog.o
 .debug_macro   0x0000295a       0x10 ./src/STMU_Prog.o
 .debug_macro   0x0000296a       0x10 ./src/STMU_Prog.o
 .debug_macro   0x0000297a       0x4a ./src/main.o
